Test header 1; Test header 2; "Multiline
header; with 3
lines"; Test header 4; Test header 5
29; test value; test value; test value; test value
30; test value; test value; test value; test value
31; test value; test value; test value; test value
32; test value; test value; test value; test value
33; test value; test value; test value; test value
34; test value; test value; test value; test value
35; test value; test value; test value; test value
36; test value; test value; test value; test value
37; test value; test value; test value; test value
38; test value; test value; test value; test value
39; test value; test value; test value; test value
40; test value; test value; test value; test value