Test header 1; Test header 2; Test header 3; Test header 4; Test header 5
14; test value 4th; test value 4th; test value 4th; test value 4th
15; test value 5th; test value 5th; test value 5th; test value 5th
16; test value 6th; test value 6th; test value 6th; test value 6th
