Test header 1; Test header 2; Test header 3; Test header 4; Test header 5
5; test value 5th; test value 5th; test value 5th; test value 5th
6; test value 6th; test value 6th; test value 6th; test value 6th
11; test value 1st; test value 1st; test value 1st; test value 1st
12; test value 2nd; test value 2nd; test value 2nd; test value 2nd
13; test value 3rd; test value 3rd; test value 3rd; test value 3rd
