Test header 1; Test header 2; Test header 3; Test header 4; Test header 5
1; test value 1st; test value 1st; test value 1st; test value 1st
2; test value 2nd; test value 2nd; test value 2nd; test value 2nd
3; test value 3rd; test value 3rd; test value 3rd; test value 3rd
4; test value 4th; test value 4th; test value 4th; test value 4th
