Test header 1; Test header 2; "Multiline
header; with 3
lines"; Test header 4; Test header 5
1; test value; test value; test value; test value
2; test value; test value; test value; test value
3; test value; test value; test value; test value
4; test value; test value; test value; test value
5; test value; test value; test value; test value
6; test value; test value; test value; test value
7; test value; test value; test value; test value
8; test value; test value; test value; test value
9; test value; test value; test value; test value
10; test value; test value; test value; test value
11; test value; test value; test value; test value
12; test value; test value; test value; test value
13; test value; test value; test value; test value
""; test ""value""; """"; """test;abc
multiline;multiline;
value"; "test 3423423 :|"" dfadf dfadf, dafad;bnc
va;lue"
