32; test value; test value; test value; test value
33; test value; test value; test value; test value
34; test value; test value; test value; test value
35; test value; test value; test value; test value
36; test value; test value; test value; test value
37; test value; test value; test value; test value
38; test value; test value; test value; test value
39; test value; test value; test value; test value
40; test value; test value; test value; test value