15; test value; test value; test value; test value
16; test value; test value; test value; test value
17; test value; test value; test value; test value
18; test value; test value; test value; test value
19; test value; test value; test value; test value
20; test value; test value; test value; test value
21; test value; test value; test value; test value
22; test value; test value; test value; test value
23; test value; test value; test value; test value
24; test value; test value; test value; test value
25; test value; test value; test value; test value
26; test value; test value; test value; test value
27; test value; test value; test value; test value
28; test value; test value; test value; test value
29; test value; test value; test value; test value
30; test value; test value; test value; test value
